mpiifort -c  -O3 -xHost -mcmodel=medium -shared-intel -r8 -fpconstant -fpp -DTIMERS -DCGTIMERS -DHPE_USING_PUT -DHPE_ONE_SIDED -DPTRSIZE8 -DMPI -DLONGINT8 -DUNDERSCORE -DGLOBAL_LONG_LONG -I/ibnfs/vivek/PF/NEKbone_one-sided/RMA_3004/test/example1_no-omp -I/ibnfs/vivek/PF/NEKbone_one-sided/RMA_3004/src_RMA_PT-2 -I./ /ibnfs/vivek/PF/NEKbone_one-sided/RMA_3004/src_RMA_PT-2/cg.f -o obj/cg.o
mpiifort -c  -O3 -xHost -mcmodel=medium -shared-intel -r8 -fpconstant -fpp -DTIMERS -DCGTIMERS -DHPE_USING_PUT -DHPE_ONE_SIDED -DPTRSIZE8 -DMPI -DLONGINT8 -DUNDERSCORE -DGLOBAL_LONG_LONG -I/ibnfs/vivek/PF/NEKbone_one-sided/RMA_3004/test/example1_no-omp -I/ibnfs/vivek/PF/NEKbone_one-sided/RMA_3004/src_RMA_PT-2 -I./ /ibnfs/vivek/PF/NEKbone_one-sided/RMA_3004/src_RMA_PT-2/driver.f -o obj/driver.o
mpiifort -c  -O3 -xHost -mcmodel=medium -shared-intel -r8 -fpconstant -fpp -DTIMERS -DCGTIMERS -DHPE_USING_PUT -DHPE_ONE_SIDED -DPTRSIZE8 -DMPI -DLONGINT8 -DUNDERSCORE -DGLOBAL_LONG_LONG -I/ibnfs/vivek/PF/NEKbone_one-sided/RMA_3004/test/example1_no-omp -I/ibnfs/vivek/PF/NEKbone_one-sided/RMA_3004/src_RMA_PT-2 -I./ /ibnfs/vivek/PF/NEKbone_one-sided/RMA_3004/src_RMA_PT-2/math.f -o obj/math.o
mpiifort -c  -O3 -xHost -mcmodel=medium -shared-intel -r8 -fpconstant -fpp -DTIMERS -DCGTIMERS -DHPE_USING_PUT -DHPE_ONE_SIDED -DPTRSIZE8 -DMPI -DLONGINT8 -DUNDERSCORE -DGLOBAL_LONG_LONG -I/ibnfs/vivek/PF/NEKbone_one-sided/RMA_3004/test/example1_no-omp -I/ibnfs/vivek/PF/NEKbone_one-sided/RMA_3004/src_RMA_PT-2 -I./ /ibnfs/vivek/PF/NEKbone_one-sided/RMA_3004/src_RMA_PT-2/omp.f -o obj/omp.o
mpiifort -c  -O3 -xHost -mcmodel=medium -shared-intel -r8 -fpconstant -fpp -DTIMERS -DCGTIMERS -DHPE_USING_PUT -DHPE_ONE_SIDED -DPTRSIZE8 -DMPI -DLONGINT8 -DUNDERSCORE -DGLOBAL_LONG_LONG -I/ibnfs/vivek/PF/NEKbone_one-sided/RMA_3004/test/example1_no-omp -I/ibnfs/vivek/PF/NEKbone_one-sided/RMA_3004/src_RMA_PT-2 -I./ /ibnfs/vivek/PF/NEKbone_one-sided/RMA_3004/src_RMA_PT-2/mxm_wrapper.f -o obj/mxm_wrapper.o 
mpiifort -c  -O3 -xHost -mcmodel=medium -shared-intel -r8 -fpconstant -fpp -DTIMERS -DCGTIMERS -DHPE_USING_PUT -DHPE_ONE_SIDED -DPTRSIZE8 -DMPI -DLONGINT8 -DUNDERSCORE -DGLOBAL_LONG_LONG -I/ibnfs/vivek/PF/NEKbone_one-sided/RMA_3004/test/example1_no-omp -I/ibnfs/vivek/PF/NEKbone_one-sided/RMA_3004/src_RMA_PT-2 -I./ /ibnfs/vivek/PF/NEKbone_one-sided/RMA_3004/src_RMA_PT-2/prox_dssum.f -o obj/prox_dssum.o
mpiifort -c  -O3 -xHost -mcmodel=medium -shared-intel -r8 -fpconstant -fpp -DTIMERS -DCGTIMERS -DHPE_USING_PUT -DHPE_ONE_SIDED -DPTRSIZE8 -DMPI -DLONGINT8 -DUNDERSCORE -DGLOBAL_LONG_LONG -I/ibnfs/vivek/PF/NEKbone_one-sided/RMA_3004/test/example1_no-omp -I/ibnfs/vivek/PF/NEKbone_one-sided/RMA_3004/src_RMA_PT-2 -I./ /ibnfs/vivek/PF/NEKbone_one-sided/RMA_3004/src_RMA_PT-2/prox_setup.f -o obj/prox_setup.o
mpiifort -c  -O3 -xHost -mcmodel=medium -shared-intel -r8 -fpconstant -fpp -DTIMERS -DCGTIMERS -DHPE_USING_PUT -DHPE_ONE_SIDED -DPTRSIZE8 -DMPI -DLONGINT8 -DUNDERSCORE -DGLOBAL_LONG_LONG -I/ibnfs/vivek/PF/NEKbone_one-sided/RMA_3004/test/example1_no-omp -I/ibnfs/vivek/PF/NEKbone_one-sided/RMA_3004/src_RMA_PT-2 -I./ /ibnfs/vivek/PF/NEKbone_one-sided/RMA_3004/src_RMA_PT-2/semhat.f -o obj/semhat.o
mpiifort -c  -O3 -xHost -mcmodel=medium -shared-intel -r8 -fpconstant -fpp -DTIMERS -DCGTIMERS -DHPE_USING_PUT -DHPE_ONE_SIDED -DPTRSIZE8 -DMPI -DLONGINT8 -DUNDERSCORE -DGLOBAL_LONG_LONG -I/ibnfs/vivek/PF/NEKbone_one-sided/RMA_3004/test/example1_no-omp -I/ibnfs/vivek/PF/NEKbone_one-sided/RMA_3004/src_RMA_PT-2 -I./ /ibnfs/vivek/PF/NEKbone_one-sided/RMA_3004/src_RMA_PT-2/speclib.f -o obj/speclib.o
mpiicc -c  -O3 -xHost -mcmodel=medium -shared-intel -DTIMERS -DCGTIMERS -DHPE_USING_PUT -DHPE_ONE_SIDED -DPTRSIZE8 -DMPI -DLONGINT8 -DUNDERSCORE -DGLOBAL_LONG_LONG  -DPREFIX=jl_ /ibnfs/vivek/PF/NEKbone_one-sided/RMA_3004/src_RMA_PT-2/timers.c -o obj/timers.o
mpiifort -c  -O3 -xHost -mcmodel=medium -shared-intel -r8 -fpconstant -fpp -DTIMERS -DCGTIMERS -DHPE_USING_PUT -DHPE_ONE_SIDED -DPTRSIZE8 -DMPI -DLONGINT8 -DUNDERSCORE -DGLOBAL_LONG_LONG -I/ibnfs/vivek/PF/NEKbone_one-sided/RMA_3004/test/example1_no-omp -I/ibnfs/vivek/PF/NEKbone_one-sided/RMA_3004/src_RMA_PT-2 -I./ /ibnfs/vivek/PF/NEKbone_one-sided/RMA_3004/src_RMA_PT-2/comm_mpi.f -o obj/comm_mpi.o
mpiifort -c  -O3 -xHost -mcmodel=medium -shared-intel -r8 -fpconstant -fpp -DTIMERS -DCGTIMERS -DHPE_USING_PUT -DHPE_ONE_SIDED -DPTRSIZE8 -DMPI -DLONGINT8 -DUNDERSCORE -DGLOBAL_LONG_LONG -I/ibnfs/vivek/PF/NEKbone_one-sided/RMA_3004/test/example1_no-omp -I/ibnfs/vivek/PF/NEKbone_one-sided/RMA_3004/src_RMA_PT-2 -I./ /ibnfs/vivek/PF/NEKbone_one-sided/RMA_3004/src_RMA_PT-2/mxm_std.f -o obj/mxm_std.o
mpiifort -c  -O3 -xHost -mcmodel=medium -shared-intel      -DTIMERS -DCGTIMERS -DHPE_USING_PUT -DHPE_ONE_SIDED -DPTRSIZE8 -DMPI -DLONGINT8 -DUNDERSCORE -DGLOBAL_LONG_LONG -I/ibnfs/vivek/PF/NEKbone_one-sided/RMA_3004/test/example1_no-omp -I/ibnfs/vivek/PF/NEKbone_one-sided/RMA_3004/src_RMA_PT-2 -I./ /ibnfs/vivek/PF/NEKbone_one-sided/RMA_3004/src_RMA_PT-2/blas.f -o obj/blas.o
mpiicc -c  -O3 -xHost -mcmodel=medium -shared-intel -DTIMERS -DCGTIMERS -DHPE_USING_PUT -DHPE_ONE_SIDED -DPTRSIZE8 -DMPI -DLONGINT8 -DUNDERSCORE -DGLOBAL_LONG_LONG  -DPREFIX=jl_ /ibnfs/vivek/PF/NEKbone_one-sided/RMA_3004/src_RMA_PT-2/jl/gs.c -o obj/jl_gs.o
/ibnfs/vivek/PF/NEKbone_one-sided/RMA_3004/src_RMA_PT-2/jl/gs.c(832): warning #3180: unrecognized OpenMP #pragma
      #pragma omp master
      ^

/ibnfs/vivek/PF/NEKbone_one-sided/RMA_3004/src_RMA_PT-2/jl/gs.c(837): warning #3180: unrecognized OpenMP #pragma
      #pragma omp barrier
      ^

/ibnfs/vivek/PF/NEKbone_one-sided/RMA_3004/src_RMA_PT-2/jl/gs.c(842): warning #3180: unrecognized OpenMP #pragma
      #pragma omp barrier
      ^

/ibnfs/vivek/PF/NEKbone_one-sided/RMA_3004/src_RMA_PT-2/jl/gs.c(857): warning #3180: unrecognized OpenMP #pragma
      #pragma omp master
      ^

/ibnfs/vivek/PF/NEKbone_one-sided/RMA_3004/src_RMA_PT-2/jl/gs.c(876): warning #3180: unrecognized OpenMP #pragma
      #pragma omp barrier
      ^

/ibnfs/vivek/PF/NEKbone_one-sided/RMA_3004/src_RMA_PT-2/jl/gs.c(1635): warning #3180: unrecognized OpenMP #pragma
    #pragma omp single
    ^

/ibnfs/vivek/PF/NEKbone_one-sided/RMA_3004/src_RMA_PT-2/jl/gs.c(1654): warning #3180: unrecognized OpenMP #pragma
      #pragma omp barrier
      ^

/ibnfs/vivek/PF/NEKbone_one-sided/RMA_3004/src_RMA_PT-2/jl/gs.c(1657): warning #3180: unrecognized OpenMP #pragma
      #pragma omp barrier
      ^

/ibnfs/vivek/PF/NEKbone_one-sided/RMA_3004/src_RMA_PT-2/jl/gs.c(1660): warning #3180: unrecognized OpenMP #pragma
      #pragma omp barrier
      ^

/ibnfs/vivek/PF/NEKbone_one-sided/RMA_3004/src_RMA_PT-2/jl/gs.c(1663): warning #3180: unrecognized OpenMP #pragma
      #pragma omp barrier
      ^

mpiicc -c  -O3 -xHost -mcmodel=medium -shared-intel -DTIMERS -DCGTIMERS -DHPE_USING_PUT -DHPE_ONE_SIDED -DPTRSIZE8 -DMPI -DLONGINT8 -DUNDERSCORE -DGLOBAL_LONG_LONG  -DPREFIX=jl_ /ibnfs/vivek/PF/NEKbone_one-sided/RMA_3004/src_RMA_PT-2/jl/sort.c -o obj/jl_sort.o
mpiicc -c  -O3 -xHost -mcmodel=medium -shared-intel -DTIMERS -DCGTIMERS -DHPE_USING_PUT -DHPE_ONE_SIDED -DPTRSIZE8 -DMPI -DLONGINT8 -DUNDERSCORE -DGLOBAL_LONG_LONG  -DPREFIX=jl_ /ibnfs/vivek/PF/NEKbone_one-sided/RMA_3004/src_RMA_PT-2/jl/sarray_transfer.c -o obj/jl_sarray_transfer.o
mpiicc -c  -O3 -xHost -mcmodel=medium -shared-intel -DTIMERS -DCGTIMERS -DHPE_USING_PUT -DHPE_ONE_SIDED -DPTRSIZE8 -DMPI -DLONGINT8 -DUNDERSCORE -DGLOBAL_LONG_LONG  -DPREFIX=jl_ /ibnfs/vivek/PF/NEKbone_one-sided/RMA_3004/src_RMA_PT-2/jl/sarray_sort.c -o obj/jl_sarray_sort.o
mpiicc -c  -O3 -xHost -mcmodel=medium -shared-intel -DTIMERS -DCGTIMERS -DHPE_USING_PUT -DHPE_ONE_SIDED -DPTRSIZE8 -DMPI -DLONGINT8 -DUNDERSCORE -DGLOBAL_LONG_LONG  -DPREFIX=jl_ /ibnfs/vivek/PF/NEKbone_one-sided/RMA_3004/src_RMA_PT-2/jl/gs_local.c -o obj/jl_gs_local.o
mpiicc -c  -O3 -xHost -mcmodel=medium -shared-intel -DTIMERS -DCGTIMERS -DHPE_USING_PUT -DHPE_ONE_SIDED -DPTRSIZE8 -DMPI -DLONGINT8 -DUNDERSCORE -DGLOBAL_LONG_LONG  -DPREFIX=jl_ /ibnfs/vivek/PF/NEKbone_one-sided/RMA_3004/src_RMA_PT-2/jl/crystal.c -o obj/jl_crystal.o
mpiicc -c  -O3 -xHost -mcmodel=medium -shared-intel -DTIMERS -DCGTIMERS -DHPE_USING_PUT -DHPE_ONE_SIDED -DPTRSIZE8 -DMPI -DLONGINT8 -DUNDERSCORE -DGLOBAL_LONG_LONG  -DPREFIX=jl_ /ibnfs/vivek/PF/NEKbone_one-sided/RMA_3004/src_RMA_PT-2/jl/comm.c -o obj/jl_comm.o
mpiicc -c  -O3 -xHost -mcmodel=medium -shared-intel -DTIMERS -DCGTIMERS -DHPE_USING_PUT -DHPE_ONE_SIDED -DPTRSIZE8 -DMPI -DLONGINT8 -DUNDERSCORE -DGLOBAL_LONG_LONG  -DPREFIX=jl_ /ibnfs/vivek/PF/NEKbone_one-sided/RMA_3004/src_RMA_PT-2/jl/tensor.c -o obj/jl_tensor.o
mpiicc -c  -O3 -xHost -mcmodel=medium -shared-intel -DTIMERS -DCGTIMERS -DHPE_USING_PUT -DHPE_ONE_SIDED -DPTRSIZE8 -DMPI -DLONGINT8 -DUNDERSCORE -DGLOBAL_LONG_LONG  -DPREFIX=jl_ /ibnfs/vivek/PF/NEKbone_one-sided/RMA_3004/src_RMA_PT-2/jl/fail.c -o obj/jl_fail.o
mpiicc -c  -O3 -xHost -mcmodel=medium -shared-intel -DTIMERS -DCGTIMERS -DHPE_USING_PUT -DHPE_ONE_SIDED -DPTRSIZE8 -DMPI -DLONGINT8 -DUNDERSCORE -DGLOBAL_LONG_LONG  -DPREFIX=jl_ /ibnfs/vivek/PF/NEKbone_one-sided/RMA_3004/src_RMA_PT-2/jl/fcrystal.c -o obj/jl_fcrystal.o
mpiifort -o nekbone  obj/cg.o obj/driver.o obj/math.o obj/omp.o obj/mxm_wrapper.o obj/prox_dssum.o obj/prox_setup.o obj/semhat.o obj/speclib.o obj/timers.o obj/comm_mpi.o obj/mxm_std.o obj/blas.o obj/jl_gs.o obj/jl_sort.o obj/jl_sarray_transfer.o obj/jl_sarray_sort.o obj/jl_gs_local.o obj/jl_crystal.o obj/jl_comm.o obj/jl_tensor.o obj/jl_fail.o obj/jl_fcrystal.o -mcmodel=medium -shared-intel
#############################################################
#                  Compilation successful!                  #
#############################################################
   text	   data	    bss	    dec	    hex	filename
2093240	   4268	8760939552	8763037060	20a515584	nekbone

